******//part of worker participent change the nodeport under vote/result service & seen that pods/service/deployment/RS & front end application also running fine**//

post again apply the changes vote/result Node port has been updated as per below,

[root@ip-172-31-41-145 k8s-specifications]# kubectl get all
NAME                          READY   STATUS    RESTARTS   AGE
pod/db-b54cd94f4-qkwvn        1/1     Running   0          74m
pod/redis-868d64d78-7hd4l     1/1     Running   0          74m
pod/result-5d57b59f4b-qf4xb   1/1     Running   0          74m
pod/vote-94849dc97-l259g      1/1     Running   0          74m
pod/worker-dd46d7584-p56kj    1/1     Running   0          74m

NAME                 TYPE        CLUSTER-IP       EXTERNAL-IP   PORT(S)          AGE
service/db           ClusterIP   10.101.178.210   <none>        5432/TCP         74m
service/kubernetes   ClusterIP   10.96.0.1        <none>        443/TCP          76m
service/redis        ClusterIP   10.104.226.118   <none>        6379/TCP         74m
service/result       NodePort    10.108.77.95     <none>        5001:31003/TCP   74m
service/vote         NodePort    10.100.169.168   <none>        5000:31002/TCP   74m

NAME                     READY   UP-TO-DATE   AVAILABLE   AGE
deployment.apps/db       1/1     1            1           74m
deployment.apps/redis    1/1     1            1           74m
deployment.apps/result   1/1     1            1           74m
deployment.apps/vote     1/1     1            1           74m
deployment.apps/worker   1/1     1            1           74m

NAME                                DESIRED   CURRENT   READY   AGE
replicaset.apps/db-b54cd94f4        1         1         1       74m
replicaset.apps/redis-868d64d78     1         1         1       74m
replicaset.apps/result-5d57b59f4b   1         1         1       74m
replicaset.apps/vote-94849dc97      1         1         1       74m
replicaset.apps/worker-dd46d7584    1         1         1       74m
[root@ip-172-31-41-145 k8s-specifications]#



//*************open vote/result in two browser, notified that when click the voting supsequently and resulting page transperantly updating without any delay. voting notification msg i can see under k8s logs print as well.. see the msg flow each pod****************//

vote push data to worker
worker push the data to redis
redis push the data to DB.
DB push to result pod.

http://18.143.185.26:31003/
http://18.143.185.26:31002/



[root@ip-172-31-41-145 k8s-specifications]# kubectl logs pod/vote-94849dc97-l259g
[2023-09-29 06:55:15 +0000] [1] [INFO] Starting gunicorn 20.1.0
[2023-09-29 06:55:15 +0000] [1] [INFO] Listening at: http://0.0.0.0:80 (1)
[2023-09-29 06:55:15 +0000] [1] [INFO] Using worker: sync
[2023-09-29 06:55:15 +0000] [7] [INFO] Booting worker with pid: 7
[2023-09-29 06:55:15 +0000] [8] [INFO] Booting worker with pid: 8
[2023-09-29 06:55:15 +0000] [9] [INFO] Booting worker with pid: 9
[2023-09-29 06:55:15 +0000] [10] [INFO] Booting worker with pid: 10
172.31.41.145 - - [29/Sep/2023:08:07:58 +0000] "GET / HTTP/1.1" 200 1293 "-" "Mozilla/5.0 (Windows NT 10.0; Win64; x64) AppleWebKit/537.36 (KHTML, like Gecko) Chrome/117.0.0.0 Safari/537.36 Edg/117.0.2045.43"
172.31.41.145 - - [29/Sep/2023:08:07:58 +0000] "GET /static/stylesheets/style.css HTTP/1.1" 304 0 "http://18.143.185.26:31002/" "Mozilla/5.0 (Windows NT 10.0; Win64; x64) AppleWebKit/537.36 (KHTML, like Gecko) Chrome/117.0.0.0 Safari/537.36 Edg/117.0.2045.43"
172.31.41.145 - - [29/Sep/2023:08:07:59 +0000] "GET /favicon.ico HTTP/1.1" 404 207 "http://18.143.185.26:31002/" "Mozilla/5.0 (Windows NT 10.0; Win64; x64) AppleWebKit/537.36 (KHTML, like Gecko) Chrome/117.0.0.0 Safari/537.36 Edg/117.0.2045.43"
[2023-09-29 08:09:33,467] INFO in app: Received vote for a
[2023-09-29 08:09:33 +0000] [7] [INFO] Received vote for a
172.31.41.145 - - [29/Sep/2023:08:09:33 +0000] "POST / HTTP/1.1" 200 1696 "http://18.143.185.26:31002/" "Mozilla/5.0 (Windows NT 10.0; Win64; x64) AppleWebKit/537.36 (KHTML, like Gecko) Chrome/117.0.0.0 Safari/537.36 Edg/117.0.2045.43"
172.31.41.145 - - [29/Sep/2023:08:09:33 +0000] "GET /static/stylesheets/style.css HTTP/1.1" 304 0 "http://18.143.185.26:31002/" "Mozilla/5.0 (Windows NT 10.0; Win64; x64) AppleWebKit/537.36 (KHTML, like Gecko) Chrome/117.0.0.0 Safari/537.36 Edg/117.0.2045.43"
[2023-09-29 08:14:24,787] INFO in app: Received vote for b
[2023-09-29 08:14:24 +0000] [7] [INFO] Received vote for b
172.31.41.145 - - [29/Sep/2023:08:14:24 +0000] "POST / HTTP/1.1" 200 1696 "http://18.143.185.26:31002/" "Mozilla/5.0 (Windows NT 10.0; Win64; x64) AppleWebKit/537.36 (KHTML, like Gecko) Chrome/117.0.0.0 Safari/537.36 Edg/117.0.2045.43"
172.31.41.145 - - [29/Sep/2023:08:14:24 +0000] "GET /static/stylesheets/style.css HTTP/1.1" 304 0 "http://18.143.185.26:31002/" "Mozilla/5.0 (Windows NT 10.0; Win64; x64) AppleWebKit/537.36 (KHTML, like Gecko) Chrome/117.0.0.0 Safari/537.36 Edg/117.0.2045.43"
[2023-09-29 08:14:26,941] INFO in app: Received vote for a
[2023-09-29 08:14:26 +0000] [10] [INFO] Received vote for a
172.31.41.145 - - [29/Sep/2023:08:14:26 +0000] "POST / HTTP/1.1" 200 1696 "http://18.143.185.26:31002/" "Mozilla/5.0 (Windows NT 10.0; Win64; x64) AppleWebKit/537.36 (KHTML, like Gecko) Chrome/117.0.0.0 Safari/537.36 Edg/117.0.2045.43"
172.31.41.145 - - [29/Sep/2023:08:14:27 +0000] "GET /static/stylesheets/style.css HTTP/1.1" 304 0 "http://18.143.185.26:31002/" "Mozilla/5.0 (Windows NT 10.0; Win64; x64) AppleWebKit/537.36 (KHTML, like Gecko) Chrome/117.0.0.0 Safari/537.36 Edg/117.0.2045.43"
[2023-09-29 08:14:28,470] INFO in app: Received vote for b
[2023-09-29 08:14:28 +0000] [8] [INFO] Received vote for b
172.31.41.145 - - [29/Sep/2023:08:14:28 +0000] "POST / HTTP/1.1" 200 1696 "http://18.143.185.26:31002/" "Mozilla/5.0 (Windows NT 10.0; Win64; x64) AppleWebKit/537.36 (KHTML, like Gecko) Chrome/117.0.0.0 Safari/537.36 Edg/117.0.2045.43"
172.31.41.145 - - [29/Sep/2023:08:14:28 +0000] "GET /static/stylesheets/style.css HTTP/1.1" 304 0 "http://18.143.185.26:31002/" "Mozilla/5.0 (Windows NT 10.0; Win64; x64) AppleWebKit/537.36 (KHTML, like Gecko) Chrome/117.0.0.0 Safari/537.36 Edg/117.0.2045.43"
[2023-09-29 08:14:29,836] INFO in app: Received vote for a
[2023-09-29 08:14:29 +0000] [9] [INFO] Received vote for a
172.31.41.145 - - [29/Sep/2023:08:14:29 +0000] "POST / HTTP/1.1" 200 1696 "http://18.143.185.26:31002/" "Mozilla/5.0 (Windows NT 10.0; Win64; x64) AppleWebKit/537.36 (KHTML, like Gecko) Chrome/117.0.0.0 Safari/537.36 Edg/117.0.2045.43"
172.31.41.145 - - [29/Sep/2023:08:14:29 +0000] "GET /static/stylesheets/style.css HTTP/1.1" 304 0 "http://18.143.185.26:31002/" "Mozilla/5.0 (Windows NT 10.0; Win64; x64) AppleWebKit/537.36 (KHTML, like Gecko) Chrome/117.0.0.0 Safari/537.36 Edg/117.0.2045.43"
[2023-09-29 08:14:31,093] INFO in app: Received vote for b
[2023-09-29 08:14:31 +0000] [10] [INFO] Received vote for b
172.31.41.145 - - [29/Sep/2023:08:14:31 +0000] "POST / HTTP/1.1" 200 1696 "http://18.143.185.26:31002/" "Mozilla/5.0 (Windows NT 10.0; Win64; x64) AppleWebKit/537.36 (KHTML, like Gecko) Chrome/117.0.0.0 Safari/537.36 Edg/117.0.2045.43"
172.31.41.145 - - [29/Sep/2023:08:14:31 +0000] "GET /static/stylesheets/style.css HTTP/1.1" 304 0 "http://18.143.185.26:31002/" "Mozilla/5.0 (Windows NT 10.0; Win64; x64) AppleWebKit/537.36 (KHTML, like Gecko) Chrome/117.0.0.0 Safari/537.36 Edg/117.0.2045.43"
[2023-09-29 08:14:32,386] INFO in app: Received vote for a
[2023-09-29 08:14:32 +0000] [7] [INFO] Received vote for a
172.31.41.145 - - [29/Sep/2023:08:14:32 +0000] "POST / HTTP/1.1" 200 1696 "http://18.143.185.26:31002/" "Mozilla/5.0 (Windows NT 10.0; Win64; x64) AppleWebKit/537.36 (KHTML, like Gecko) Chrome/117.0.0.0 Safari/537.36 Edg/117.0.2045.43"
172.31.41.145 - - [29/Sep/2023:08:14:32 +0000] "GET /static/stylesheets/style.css HTTP/1.1" 304 0 "http://18.143.185.26:31002/" "Mozilla/5.0 (Windows NT 10.0; Win64; x64) AppleWebKit/537.36 (KHTML, like Gecko) Chrome/117.0.0.0 Safari/537.36 Edg/117.0.2045.43"
[2023-09-29 08:14:33,750] INFO in app: Received vote for b
[2023-09-29 08:14:33 +0000] [10] [INFO] Received vote for b
172.31.41.145 - - [29/Sep/2023:08:14:33 +0000] "POST / HTTP/1.1" 200 1696 "http://18.143.185.26:31002/" "Mozilla/5.0 (Windows NT 10.0; Win64; x64) AppleWebKit/537.36 (KHTML, like Gecko) Chrome/117.0.0.0 Safari/537.36 Edg/117.0.2045.43"
172.31.41.145 - - [29/Sep/2023:08:14:33 +0000] "GET /static/stylesheets/style.css HTTP/1.1" 304 0 "http://18.143.185.26:31002/" "Mozilla/5.0 (Windows NT 10.0; Win64; x64) AppleWebKit/537.36 (KHTML, like Gecko) Chrome/117.0.0.0 Safari/537.36 Edg/117.0.2045.43"
[2023-09-29 08:14:35,024] INFO in app: Received vote for a
[2023-09-29 08:14:35 +0000] [8] [INFO] Received vote for a
172.31.41.145 - - [29/Sep/2023:08:14:35 +0000] "POST / HTTP/1.1" 200 1696 "http://18.143.185.26:31002/" "Mozilla/5.0 (Windows NT 10.0; Win64; x64) AppleWebKit/537.36 (KHTML, like Gecko) Chrome/117.0.0.0 Safari/537.36 Edg/117.0.2045.43"
172.31.41.145 - - [29/Sep/2023:08:14:35 +0000] "GET /static/stylesheets/style.css HTTP/1.1" 304 0 "http://18.143.185.26:31002/" "Mozilla/5.0 (Windows NT 10.0; Win64; x64) AppleWebKit/537.36 (KHTML, like Gecko) Chrome/117.0.0.0 Safari/537.36 Edg/117.0.2045.43"
[2023-09-29 08:14:36,364] INFO in app: Received vote for b
[2023-09-29 08:14:36 +0000] [7] [INFO] Received vote for b
172.31.41.145 - - [29/Sep/2023:08:14:36 +0000] "POST / HTTP/1.1" 200 1696 "http://18.143.185.26:31002/" "Mozilla/5.0 (Windows NT 10.0; Win64; x64) AppleWebKit/537.36 (KHTML, like Gecko) Chrome/117.0.0.0 Safari/537.36 Edg/117.0.2045.43"
172.31.41.145 - - [29/Sep/2023:08:14:36 +0000] "GET /static/stylesheets/style.css HTTP/1.1" 304 0 "http://18.143.185.26:31002/" "Mozilla/5.0 (Windows NT 10.0; Win64; x64) AppleWebKit/537.36 (KHTML, like Gecko) Chrome/117.0.0.0 Safari/537.36 Edg/117.0.2045.43"
[root@ip-172-31-41-145 k8s-specifications]#

[root@ip-172-31-41-145 k8s-specifications]# kubectl logs pod/result-5d57b59f4b-qf4xb
Fri, 29 Sep 2023 06:55:13 GMT body-parser deprecated bodyParser: use individual json/urlencoded middlewares at server.js:73:9
Fri, 29 Sep 2023 06:55:13 GMT body-parser deprecated undefined extended: provide extended option at ../node_modules/body-parser/index.js:104:29
App running on port 80
Waiting for db
Connected to db
[root@ip-172-31-41-145 k8s-specifications]#

[root@ip-172-31-41-145 k8s-specifications]# kubectl logs pod/worker-dd46d7584-p56kj
Waiting for db
Waiting for db
Waiting for db
Connected to db
Found redis at 10.104.226.118
Connecting to redis
Processing vote for 'a' by '2939a6ac65f031'
Processing vote for 'b' by '2939a6ac65f031'
Processing vote for 'a' by '2939a6ac65f031'
Processing vote for 'b' by '2939a6ac65f031'
Processing vote for 'a' by '2939a6ac65f031'
Processing vote for 'b' by '2939a6ac65f031'
Processing vote for 'a' by '2939a6ac65f031'
Processing vote for 'b' by '2939a6ac65f031'
Processing vote for 'a' by '2939a6ac65f031'
Processing vote for 'b' by '2939a6ac65f031'
[root@ip-172-31-41-145 k8s-specifications]#

[root@ip-172-31-41-145 k8s-specifications]# kubectl logs pod/redis-868d64d78-7hd4l
1:C 29 Sep 2023 06:55:14.277 # WARNING Your system is configured to use the 'xen' clocksource which might lead to degraded performance. Check the result of the [slow-clocksource] system check: run 'redis-server --check-system' to check if the system's clocksource isn't degrading performance.
1:C 29 Sep 2023 06:55:14.277 * oO0OoO0OoO0Oo Redis is starting oO0OoO0OoO0Oo
1:C 29 Sep 2023 06:55:14.277 * Redis version=7.2.1, bits=64, commit=00000000, modified=0, pid=1, just started
1:C 29 Sep 2023 06:55:14.277 # Warning: no config file specified, using the default config. In order to specify a config file use redis-server /path/to/redis.conf
1:M 29 Sep 2023 06:55:14.277 * monotonic clock: POSIX clock_gettime
1:M 29 Sep 2023 06:55:14.278 * Running mode=standalone, port=6379.
1:M 29 Sep 2023 06:55:14.278 * Server initialized
1:M 29 Sep 2023 06:55:14.278 * Ready to accept connections tcp
1:M 29 Sep 2023 08:09:33.512 * 1 changes in 3600 seconds. Saving...
1:M 29 Sep 2023 08:09:33.513 * Background saving started by pid 16
16:C 29 Sep 2023 08:09:33.521 * DB saved on disk
16:C 29 Sep 2023 08:09:33.521 * Fork CoW for RDB: current 0 MB, peak 0 MB, average 0 MB
1:M 29 Sep 2023 08:09:33.618 * Background saving terminated with success
[root@ip-172-31-41-145 k8s-specifications]#




//****after the delete the vote pod observed that container id changed in browser & as well application running fine there is no delay at frontend. from k8s only new vote pods logs present and exisiting vote pod logs not present see the error"pod not found"****************//

[root@ip-172-31-41-145 k8s-specifications]# kubectl get all
NAME                          READY   STATUS    RESTARTS   AGE
pod/db-b54cd94f4-qkwvn        1/1     Running   0          92m
pod/redis-868d64d78-7hd4l     1/1     Running   0          92m
pod/result-5d57b59f4b-qf4xb   1/1     Running   0          92m
pod/vote-94849dc97-l259g      1/1     Running   0          92m
pod/worker-dd46d7584-p56kj    1/1     Running   0          92m

NAME                 TYPE        CLUSTER-IP       EXTERNAL-IP   PORT(S)          AGE
service/db           ClusterIP   10.101.178.210   <none>        5432/TCP         92m
service/kubernetes   ClusterIP   10.96.0.1        <none>        443/TCP          94m
service/redis        ClusterIP   10.104.226.118   <none>        6379/TCP         92m
service/result       NodePort    10.108.77.95     <none>        5001:31003/TCP   92m
service/vote         NodePort    10.100.169.168   <none>        5000:31002/TCP   92m

NAME                     READY   UP-TO-DATE   AVAILABLE   AGE
deployment.apps/db       1/1     1            1           92m
deployment.apps/redis    1/1     1            1           92m
deployment.apps/result   1/1     1            1           92m
deployment.apps/vote     1/1     1            1           92m
deployment.apps/worker   1/1     1            1           92m

NAME                                DESIRED   CURRENT   READY   AGE
replicaset.apps/db-b54cd94f4        1         1         1       92m
replicaset.apps/redis-868d64d78     1         1         1       92m
replicaset.apps/result-5d57b59f4b   1         1         1       92m
replicaset.apps/vote-94849dc97      1         1         1       92m
replicaset.apps/worker-dd46d7584    1         1         1       92m
[root@ip-172-31-41-145 k8s-specifications]# kubectl delete pod/vote-94849dc97-l259g
pod "vote-94849dc97-l259g" deleted
[root@ip-172-31-41-145 k8s-specifications]# kubectl get all
NAME                          READY   STATUS    RESTARTS   AGE
pod/db-b54cd94f4-qkwvn        1/1     Running   0          101m
pod/redis-868d64d78-7hd4l     1/1     Running   0          101m
pod/result-5d57b59f4b-qf4xb   1/1     Running   0          101m
pod/vote-94849dc97-b5pg2      1/1     Running   0          19s
pod/worker-dd46d7584-p56kj    1/1     Running   0          101m

NAME                 TYPE        CLUSTER-IP       EXTERNAL-IP   PORT(S)          AGE
service/db           ClusterIP   10.101.178.210   <none>        5432/TCP         101m
service/kubernetes   ClusterIP   10.96.0.1        <none>        443/TCP          103m
service/redis        ClusterIP   10.104.226.118   <none>        6379/TCP         101m
service/result       NodePort    10.108.77.95     <none>        5001:31003/TCP   101m
service/vote         NodePort    10.100.169.168   <none>        5000:31002/TCP   101m

NAME                     READY   UP-TO-DATE   AVAILABLE   AGE
deployment.apps/db       1/1     1            1           101m
deployment.apps/redis    1/1     1            1           101m
deployment.apps/result   1/1     1            1           101m
deployment.apps/vote     1/1     1            1           101m
deployment.apps/worker   1/1     1            1           101m

NAME                                DESIRED   CURRENT   READY   AGE
replicaset.apps/db-b54cd94f4        1         1         1       101m
replicaset.apps/redis-868d64d78     1         1         1       101m
replicaset.apps/result-5d57b59f4b   1         1         1       101m
replicaset.apps/vote-94849dc97      1         1         1       101m
replicaset.apps/worker-dd46d7584    1         1         1       101m
[root@ip-172-31-41-145 k8s-specifications]#


[root@ip-172-31-41-145 k8s-specifications]# kubectl logs pod/vote-94849dc97-b5pg2
[2023-09-29 08:36:20 +0000] [1] [INFO] Starting gunicorn 20.1.0
[2023-09-29 08:36:20 +0000] [1] [INFO] Listening at: http://0.0.0.0:80 (1)
[2023-09-29 08:36:20 +0000] [1] [INFO] Using worker: sync
[2023-09-29 08:36:20 +0000] [6] [INFO] Booting worker with pid: 6
[2023-09-29 08:36:20 +0000] [7] [INFO] Booting worker with pid: 7
[2023-09-29 08:36:20 +0000] [8] [INFO] Booting worker with pid: 8
[2023-09-29 08:36:20 +0000] [9] [INFO] Booting worker with pid: 9
[2023-09-29 08:36:25,760] INFO in app: Received vote for a
[2023-09-29 08:36:25 +0000] [7] [INFO] Received vote for a
192.168.199.64 - - [29/Sep/2023:08:36:25 +0000] "POST / HTTP/1.1" 200 1696 "http://18.143.185.26:31002/" "Mozilla/5.0 (Windows NT 10.0; Win64; x64) AppleWebKit/537.36 (KHTML, like Gecko) Chrome/117.0.0.0 Safari/537.36 Edg/117.0.2045.43"
192.168.199.64 - - [29/Sep/2023:08:36:25 +0000] "GET /static/stylesheets/style.css HTTP/1.1" 304 0 "http://18.143.185.26:31002/" "Mozilla/5.0 (Windows NT 10.0; Win64; x64) AppleWebKit/537.36 (KHTML, like Gecko) Chrome/117.0.0.0 Safari/537.36 Edg/117.0.2045.43"
[2023-09-29 08:36:27,436] INFO in app: Received vote for b
[2023-09-29 08:36:27 +0000] [8] [INFO] Received vote for b
192.168.199.64 - - [29/Sep/2023:08:36:27 +0000] "POST / HTTP/1.1" 200 1696 "http://18.143.185.26:31002/" "Mozilla/5.0 (Windows NT 10.0; Win64; x64) AppleWebKit/537.36 (KHTML, like Gecko) Chrome/117.0.0.0 Safari/537.36 Edg/117.0.2045.43"
192.168.199.64 - - [29/Sep/2023:08:36:27 +0000] "GET /static/stylesheets/style.css HTTP/1.1" 304 0 "http://18.143.185.26:31002/" "Mozilla/5.0 (Windows NT 10.0; Win64; x64) AppleWebKit/537.36 (KHTML, like Gecko) Chrome/117.0.0.0 Safari/537.36 Edg/117.0.2045.43"
[root@ip-172-31-41-145 k8s-specifications]#


[root@ip-172-31-41-145 k8s-specifications]# kubectl logs vote-94849dc97-l259g
Error from server (NotFound): pods "vote-94849dc97-l259g" not found
[root@ip-172-31-41-145 k8s-specifications]#


//****** Once delete the worker pod from unix, no impact observed at front end. both vote & services are running fine. as part of K8s logs seens that polling infromation refelected with voted opition with unique id of object info, pervious pod log info not present***********//

[root@ip-172-31-41-145 k8s-specifications]# kubectl get po
NAME                      READY   STATUS    RESTARTS   AGE
db-b54cd94f4-qkwvn        1/1     Running   0          104m
redis-868d64d78-7hd4l     1/1     Running   0          104m
result-5d57b59f4b-qf4xb   1/1     Running   0          104m
vote-94849dc97-b5pg2      1/1     Running   0          3m
worker-dd46d7584-p56kj    1/1     Running   0          104m
[root@ip-172-31-41-145 k8s-specifications]# kubectl delete po worker-dd46d7584-p56kj
pod "worker-dd46d7584-p56kj" deleted
[root@ip-172-31-41-145 k8s-specifications]# kubectl get po
NAME                      READY   STATUS    RESTARTS   AGE
db-b54cd94f4-qkwvn        1/1     Running   0          105m
redis-868d64d78-7hd4l     1/1     Running   0          105m
result-5d57b59f4b-qf4xb   1/1     Running   0          105m
vote-94849dc97-b5pg2      1/1     Running   0          4m2s
worker-dd46d7584-vnkj6    1/1     Running   0          27s
[root@ip-172-31-41-145 k8s-specifications]#

[root@ip-172-31-41-145 k8s-specifications]# kubectl logs worker-dd46d7584-vnkj6
Connected to db
Found redis at 10.104.226.118
Connecting to redis
Processing vote for 'a' by '2939a6ac65f031'
Processing vote for 'b' by '2939a6ac65f031'
Processing vote for 'a' by '2939a6ac65f031'
Processing vote for 'b' by '2939a6ac65f031'
[root@ip-172-31-41-145 k8s-specifications]#

//******************* after DB pod delete not observed any issue at frontend application and its running normally for vote/serevice. as part of unit, after the DB pod deletion result/worker continer restart observed due to re sync with DB(result/worker interconnected with DB)**************


[root@ip-172-31-41-145 k8s-specifications]# kubectl get po
NAME                      READY   STATUS    RESTARTS   AGE
db-b54cd94f4-qkwvn        1/1     Running   0          107m
redis-868d64d78-7hd4l     1/1     Running   0          107m
result-5d57b59f4b-qf4xb   1/1     Running   0          107m
vote-94849dc97-b5pg2      1/1     Running   0          6m30s
worker-dd46d7584-vnkj6    1/1     Running   0          2m55s
[root@ip-172-31-41-145 k8s-specifications]# kubectl delete po db-b54cd94f4-qkwvn
pod "db-b54cd94f4-qkwvn" deleted
[root@ip-172-31-41-145 k8s-specifications]# kubectl get po
NAME                      READY   STATUS    RESTARTS   AGE
db-b54cd94f4-ksg2q        1/1     Running   0          53s
redis-868d64d78-7hd4l     1/1     Running   0          108m
result-5d57b59f4b-qf4xb   1/1     Running   1          108m
vote-94849dc97-b5pg2      1/1     Running   0          7m38s
worker-dd46d7584-vnkj6    1/1     Running   1          4m3s
[root@ip-172-31-41-145 k8s-specifications]#


[root@ip-172-31-41-145 k8s-specifications]# kubectl get all
NAME                          READY   STATUS    RESTARTS   AGE
pod/db-b54cd94f4-ksg2q        1/1     Running   0          99s
pod/redis-868d64d78-7hd4l     1/1     Running   0          109m
pod/result-5d57b59f4b-qf4xb   1/1     Running   1          109m
pod/vote-94849dc97-b5pg2      1/1     Running   0          8m24s
pod/worker-dd46d7584-vnkj6    1/1     Running   1          4m49s

NAME                 TYPE        CLUSTER-IP       EXTERNAL-IP   PORT(S)          AGE
service/db           ClusterIP   10.101.178.210   <none>        5432/TCP         109m
service/kubernetes   ClusterIP   10.96.0.1        <none>        443/TCP          111m
service/redis        ClusterIP   10.104.226.118   <none>        6379/TCP         109m
service/result       NodePort    10.108.77.95     <none>        5001:31003/TCP   109m
service/vote         NodePort    10.100.169.168   <none>        5000:31002/TCP   109m

NAME                     READY   UP-TO-DATE   AVAILABLE   AGE
deployment.apps/db       1/1     1            1           109m
deployment.apps/redis    1/1     1            1           109m
deployment.apps/result   1/1     1            1           109m
deployment.apps/vote     1/1     1            1           109m
deployment.apps/worker   1/1     1            1           109m

NAME                                DESIRED   CURRENT   READY   AGE
replicaset.apps/db-b54cd94f4        1         1         1       109m
replicaset.apps/redis-868d64d78     1         1         1       109m
replicaset.apps/result-5d57b59f4b   1         1         1       109m
replicaset.apps/vote-94849dc97      1         1         1       109m
replicaset.apps/worker-dd46d7584    1         1         1       109m
[root@ip-172-31-41-145 k8s-specifications]#



